2026-05-20 08:00:01 [INFO] API Gateway started, routes loaded: 45
2026-05-20 08:00:05 [INFO] Rate limiter configured: 1000 req/min per client
2026-05-20 08:01:00 [INFO] Incoming request: client_id=APP-001, method=GET, path=/api/v1/users, status=200, latency=50ms
2026-05-20 08:02:15 [INFO] Incoming request: client_id=APP-002, method=POST, path=/api/v1/orders, status=201, latency=130ms
2026-05-20 08:03:30 [WARN] Rate limit warning: client_id=APP-003 approaching limit (850/1000)
2026-05-20 08:04:45 [ERROR] 429 Too Many Requests: client_id=APP-003, requests=1050, limit=1000
2026-05-20 08:05:00 [INFO] Rate limit reset for client_id=APP-003
2026-05-20 08:06:30 [ERROR] 503 Service Unavailable: upstream=payment-service, reason=connection_refused
2026-05-20 08:06:32 [ERROR] 503 Service Unavailable: upstream=payment-service, reason=connection_refused
2026-05-20 08:06:34 [INFO] Payment service recovered, health check passed
2026-05-20 08:08:00 [INFO] Incoming request: client_id=APP-001, method=GET, path=/api/v1/products, status=200, latency=35ms
2026-05-20 08:10:15 [WARN] Slow response: upstream=order-service, latency=3200ms, threshold=3000ms
2026-05-20 08:12:00 [INFO] TLS handshake completed: api.example.com
2026-05-20 08:14:30 [ERROR] 401 Unauthorized: client_id=APP-004, reason=expired_jwt_token
2026-05-20 08:14:31 [ERROR] 401 Unauthorized: client_id=APP-004, reason=expired_jwt_token
2026-05-20 08:14:32 [ERROR] 401 Unauthorized: client_id=APP-004, reason=expired_jwt_token
2026-05-20 08:16:00 [INFO] Incoming request: client_id=APP-002, method=PUT, path=/api/v1/orders/5501, status=200, latency=95ms
2026-05-20 08:18:45 [WARN] CORS warning: origin=http://unknown-site.com blocked
2026-05-20 08:20:00 [ERROR] 502 Bad Gateway: upstream=user-service, reason=empty_response
2026-05-20 08:20:02 [INFO] User service recovered via health check
2026-05-20 08:22:00 [INFO] Load balancer: routing to server-2 (server-1 health check failed)
2026-05-20 08:25:00 [WARN] High error rate: 5.2% in last 5 minutes (threshold: 5%)
2026-05-20 08:28:00 [INFO] Incoming request: client_id=APP-001, method=GET, path=/api/v1/analytics, status=200, latency=210ms
2026-05-20 08:30:00 [ERROR] 504 Gateway Timeout: upstream=analytics-service, timeout=30000ms
2026-05-20 08:32:00 [INFO] Analytics service scaled up: instances 2 -> 4
2026-05-20 08:35:00 [WARN] Payload size warning: request body 9.8MB, limit=10MB
2026-05-20 08:40:00 [INFO] API Gateway stats: total_requests=8900, errors=142, avg_latency=78ms
2026-05-20 08:45:00 [ERROR] 500 Internal Server Error: upstream=notification-service, error=KafkaProducerError
2026-05-20 08:47:00 [INFO] Notification service restarted, health check passed
2026-05-20 08:50:00 [INFO] Incoming request: client_id=APP-003, method=GET, path=/api/v1/reports, status=200, latency=180ms
2026-05-20 08:55:00 [WARN] Rate limit warning: client_id=APP-001 approaching limit (880/1000)
2026-05-20 09:00:00 [INFO] API Gateway stats: total_requests=9500, errors=150, avg_latency=82ms
