2026-05-20 08:01:12 [INFO] Server started on port 8080
2026-05-20 08:01:13 [INFO] Connected to database successfully
2026-05-20 08:02:45 [INFO] User login: user_id=1001, ip=192.168.1.50
2026-05-20 08:03:10 [WARN] High memory usage detected: 85% (threshold: 80%)
2026-05-20 08:05:22 [INFO] API request: GET /api/v1/users, status=200, latency=45ms
2026-05-20 08:06:33 [ERROR] Failed to process payment: ConnectionError to payment gateway (stripe), retry attempt 1/3
2026-05-20 08:06:35 [ERROR] Failed to process payment: ConnectionError to payment gateway (stripe), retry attempt 2/3
2026-05-20 08:06:37 [INFO] Payment processed successfully after retry: order_id=ORD-5501
2026-05-20 08:10:15 [INFO] API request: POST /api/v1/orders, status=201, latency=120ms
2026-05-20 08:12:44 [WARN] Slow query detected: SELECT * FROM orders WHERE status='pending', duration=2500ms
2026-05-20 08:15:00 [ERROR] NullPointerException in OrderService.processOrder() at line 142
2026-05-20 08:15:01 [ERROR] NullPointerException in OrderService.processOrder() at line 142
2026-05-20 08:15:02 [ERROR] NullPointerException in OrderService.processOrder() at line 142
2026-05-20 08:17:30 [INFO] Cache cleared: 1500 entries removed
2026-05-20 08:20:45 [ERROR] Authentication failed for user_id=1005: invalid token
2026-05-20 08:22:10 [INFO] Scheduled job completed: daily_report, duration=340s
2026-05-20 08:25:33 [WARN] Disk space low: /var/log at 92% capacity
2026-05-20 08:28:19 [ERROR] NullPointerException in OrderService.processOrder() at line 142
2026-05-20 08:30:00 [INFO] Health check passed
2026-05-20 08:33:45 [ERROR] TimeoutError: Request to inventory service timed out after 30s
2026-05-20 08:33:46 [WARN] Circuit breaker OPEN for inventory-service
2026-05-20 08:35:12 [INFO] API request: GET /api/v1/products, status=200, latency=32ms
2026-05-20 08:37:00 [ERROR] Database connection pool exhausted: max_connections=50, active=50, waiting=12
2026-05-20 08:37:05 [WARN] Retry queue growing: 12 requests waiting for database connection
2026-05-20 08:38:00 [INFO] Database connection pool recovered: active=15, waiting=0
2026-05-20 08:40:22 [ERROR] Failed to send email notification: SMTPConnectionError to smtp.gmail.com
2026-05-20 08:42:15 [INFO] User logout: user_id=1001
2026-05-20 08:45:00 [WARN] High memory usage detected: 82% (threshold: 80%)
2026-05-20 08:48:30 [ERROR] NullPointerException in OrderService.processOrder() at line 142
2026-05-20 08:50:00 [INFO] Health check passed
2026-05-20 08:55:00 [INFO] Server stats: requests=12450, errors=127, avg_latency=85ms
2026-05-20 08:58:00 [WARN] SSL certificate expiring in 7 days for api.example.com
2026-05-20 09:00:00 [INFO] Server stats: requests=13200, errors=131, avg_latency=88ms
